dependencies:
  - name: testdependency
    repository: https://repo.evil.corp
    version: v0.0.1
